Microchip MPLAB XC8 Compiler V2.41

Linker command line:

-W-3 \
  --edf=C:\Program Files\Microchip\xc8\v2.41\pic\dat\20230208172133_en.msgs \
  -cn -h+dist/default/production\ProjetoFinal.X.production.sym \
  --cmf=dist/default/production\ProjetoFinal.X.production.cmf -z -Q16F877A \
  -oC:\Users\carol\AppData\Local\Temp\xcAs3hoc.\driver_tmp_3.o \
  --defsym=__MPLAB_BUILD=1 --fixupoverflow=error \
  -Mdist/default/production/ProjetoFinal.X.production.map \
  --md=C:\Users\carol\AppData\Local\Temp\xcAs3hoc.\driver_tmp_0.dat -E1 \
  -ver=XC8 Compiler --acfsm=1493 -ACODE=00h-07FFhx4 -ASTRCODE=00h-01FFFh \
  -ASTRING=00h-0FFhx32 -ACONST=00h-0FFhx32 -AENTRY=00h-0FFhx32 \
  -ACOMMON=070h-07Fh -ABANK0=020h-06Fh -ABANK1=0A0h-0EFh \
  -ABANK2=0110h-016Fh -ABANK3=0190h-01EFh \
  -ARAM=020h-06Fh,0A0h-0EFh,0110h-016Fh,0190h-01EFh \
  -AABS1=020h-07Fh,0A0h-0EFh,0110h-016Fh,0190h-01EFh -ASFR0=00h-01Fh \
  -ASFR1=080h-09Fh -ASFR2=0100h-010Fh -ASFR3=0180h-018Fh \
  -ACONFIG=02007h-02007h -DCONFIG=2 -AIDLOC=02000h-02003h -DIDLOC=2 \
  -AEEDATA=00h-0FFh/02100h -peeprom_data=EEDATA -DEEDATA=2 -DCODE=2 \
  -DSTRCODE=2 -DSTRING=2 -DCONST=2 -DENTRY=2 \
  -preset_vec=00h,intentry=04h,init,end_init -ppowerup=CODE -pcinit=CODE \
  -pfunctab=ENTRY -k \
  C:\Users\carol\AppData\Local\Temp\xcAs3hoc.\driver_tmp_12.o \
  dist/default/production\ProjetoFinal.X.production.o 

Object code version is 3.11

Machine type is 16F877A



                Name                               Link     Load   Length Selector   Space Scale
C:\Users\carol\AppData\Local\Temp\xcAs3hoc.\driver_tmp_12.o
                end_init                              C        C        3        8       0
                reset_vec                             0        0        3        0       0
dist/default/production\ProjetoFinal.X.production.o
                cinit                                 F        F       16        8       0
                intentry                              4        4        8        8       0
                text17                              427      427       1B      700       0
                text16                              3E5      3E5       22      700       0
                text15                              442      442       1A      700       0
                text14                              150      150       5D        8       0
                text13                              477      477        7      700       0
                text12                              45C      45C        E      700       0
                text11                              46A      46A        D      700       0
                text10                              206      206       4C        8       0
                text9                               380      380       33      700       0
                text8                               298      298       46        8       0
                text7                               2DE      2DE       37        8       0
                text6                               315      315       36        8       0
                text5                               3B3      3B3       32      700       0
                text4                               407      407       20      700       0
                text3                                E9       E9       67        8       0
                text2                               1AD      1AD       59        8       0
                text1                                25       25       C4        8       0
                maintext                            252      252       46        8       0
                cstackBANK0                          20       20       23       20       1
                cstackCOMMON                         70       70        A       70       1
                dataBANK0                            47       47        2       20       1
                bssBANK0                             43       43        4       20       1
                bssCOMMON                            7A       7A        2       70       1
                strings                             34B      34B       35      696       0
                idataBANK0                          47E      47E        2      700       0

TOTAL           Name                               Link     Load   Length     Space
        CLASS   CODE           
                end_init                              C        C        3         0
                cinit                                 F        F       16         0
                intentry                              4        4        8         0
                reset_vec                             0        0        3         0
                text17                              427      427       1B         0
                text16                              3E5      3E5       22         0
                text15                              442      442       1A         0
                text14                              150      150       5D         0
                text13                              477      477        7         0
                text12                              45C      45C        E         0
                text11                              46A      46A        D         0
                text10                              206      206       4C         0
                text9                               380      380       33         0
                text8                               298      298       46         0
                text7                               2DE      2DE       37         0
                text6                               315      315       36         0
                text5                               3B3      3B3       32         0
                text4                               407      407       20         0
                text3                                E9       E9       67         0
                text2                               1AD      1AD       59         0
                text1                                25       25       C4         0
                maintext                            252      252       46         0
                idataBANK0                          47E      47E        2         0

        CLASS   STRCODE        

        CLASS   STRING         
                strings                             34B      34B       35         0

        CLASS   CONST          

        CLASS   ENTRY          

        CLASS   COMMON         
                cstackCOMMON                         70       70        A         1
                bssCOMMON                            7A       7A        2         1

        CLASS   BANK0          
                cstackBANK0                          20       20       23         1
                dataBANK0                            47       47        2         1
                bssBANK0                             43       43        4         1

        CLASS   BANK1          

        CLASS   BANK2          

        CLASS   BANK3          

        CLASS   RAM            

        CLASS   ABS1           
                abs_s1                               7E       7E        2         1

        CLASS   SFR0           

        CLASS   SFR1           

        CLASS   SFR2           

        CLASS   SFR3           

        CLASS   CONFIG         

        CLASS   IDLOC          

        CLASS   EEDATA         

        CLASS   STACK          



SEGMENTS        Name                           Load    Length   Top    Selector   Space  Class     Delta

                reset_vec                      000000  000003  000003         0       0  CODE        2
                intentry                       000004  000347  00034B         8       0  CODE        2
                cstackBANK0                    000020  000029  000049        20       1  BANK0       1
                cstackCOMMON                   000070  00000C  00007C        70       1  COMMON      1
                strings                        00034B  000035  000380       696       0  STRING      2
                text9                          000380  000100  000480       700       0  CODE        2


UNUSED ADDRESS RANGES

        Name                Unused          Largest block    Delta
        BANK0            049-06F            27           1
        BANK1            0A0-0EF            50           1
        BANK2            110-16F            60           1
        BANK3            190-1EF            60           1
        CODE             003-003             1           2
                         480-1FFF           800
        COMMON           07C-07D             2           1
        CONFIG           2007-2007             1           2
        CONST            003-003             1           2
                         480-1FFF           100
        EEDATA           2100-21FF           100           2
        ENTRY            003-003             1           2
                         480-1FFF           100
        IDLOC            2000-2003             4           2
        RAM              049-06F            27           1
                         0A0-0EF            50
                         110-16F            60
                         190-1EF            60
        SFR0             000-01F            20           1
        SFR1             080-09F            20           1
        SFR2             100-10F            10           1
        SFR3             180-18F            10           1
        STRCODE          003-003             1           2
                         480-1FFF          1B80
        STRING           003-003             1           2
                         480-1FFF           100

                                  Symbol Table

?___awdiv                        cstackCOMMON 072
?___awmod                        cstackCOMMON 072
Lcd_Cmd@a                        cstackCOMMON 075
Lcd_Port@a                       cstackCOMMON 072
Lcd_Set_Cursor@a                 cstackBANK0  020
Lcd_Set_Cursor@b                 cstackCOMMON 076
Lcd_Set_Cursor@temp              cstackBANK0  023
Lcd_Set_Cursor@y                 cstackBANK0  022
Lcd_Set_Cursor@z                 cstackBANK0  021
Lcd_Write_Char@a                 cstackCOMMON 076
Lcd_Write_Char@temp              cstackCOMMON 074
Lcd_Write_Char@y                 cstackCOMMON 075
Lcd_Write_String@a               cstackCOMMON 077
Lcd_Write_String@i               cstackBANK0  023
_CCP1CON                         (abs)        017
_CCPR1L                          (abs)        015
_INTCONbits                      (abs)        00B
_INTF                            (abs)        059
_Lcd_Clear                       text11       46A
_Lcd_Cmd                         text15       442
_Lcd_Init                        text14       150
_Lcd_Port                        text16       3E5
_Lcd_Set_Cursor                  text10       206
_Lcd_Write_Char                  text9        380
_Lcd_Write_String                text8        298
_OPTION_REGbits                  (abs)        081
_PORTBbits                       (abs)        006
_PORTDbits                       (abs)        008
_PR2                             (abs)        092
_TMR2ON                          (abs)        092
_TRISB                           (abs)        086
_TRISC                           (abs)        087
_TRISD                           (abs)        088
__H__absolute__                  __absolute__ 000
__Habs1                          abs1         000
__Hbank0                         bank0        000
__Hbank1                         bank1        000
__Hbank2                         bank2        000
__Hbank3                         bank3        000
__HbssBANK0                      bssBANK0     000
__HbssCOMMON                     bssCOMMON    000
__Hcinit                         cinit        025
__Hclrtext                       clrtext      000
__Hcode                          code         000
__Hcommon                        common       000
__HcstackBANK0                   cstackBANK0  000
__HcstackCOMMON                  cstackCOMMON 000
__HdataBANK0                     dataBANK0    000
__Heeprom_data                   eeprom_data  000
__Hend_init                      end_init     00F
__Hfunctab                       functab      000
__HidataBANK0                    idataBANK0   000
__Hinit                          init         00C
__Hintentry                      intentry     00C
__Hmaintext                      maintext     000
__Hpowerup                       powerup      000
__Hram                           ram          000
__Hreset_vec                     reset_vec    003
__Hsfr0                          sfr0         000
__Hsfr1                          sfr1         000
__Hsfr2                          sfr2         000
__Hsfr3                          sfr3         000
__Hspace_0                       (abs)        480
__Hspace_1                       (abs)        07C
__Hspace_2                       (abs)        000
__Hspace_3                       (abs)        000
__Hstack                         stack        000
__Hstrings                       strings      000
__Htext                          text         000
__L__absolute__                  __absolute__ 000
__Labs1                          abs1         000
__Lbank0                         bank0        000
__Lbank1                         bank1        000
__Lbank2                         bank2        000
__Lbank3                         bank3        000
__LbssBANK0                      bssBANK0     000
__LbssCOMMON                     bssCOMMON    000
__Lcinit                         cinit        00F
__Lclrtext                       clrtext      000
__Lcode                          code         000
__Lcommon                        common       000
__LcstackBANK0                   cstackBANK0  000
__LcstackCOMMON                  cstackCOMMON 000
__LdataBANK0                     dataBANK0    000
__Leeprom_data                   eeprom_data  000
__Lend_init                      end_init     00C
__Lfunctab                       functab      000
__LidataBANK0                    idataBANK0   000
__Linit                          init         00C
__Lintentry                      intentry     004
__Lmaintext                      maintext     000
__Lpowerup                       powerup      000
__Lram                           ram          000
__Lreset_vec                     reset_vec    000
__Lsfr0                          sfr0         000
__Lsfr1                          sfr1         000
__Lsfr2                          sfr2         000
__Lsfr3                          sfr3         000
__Lspace_0                       (abs)        000
__Lspace_1                       (abs)        000
__Lspace_2                       (abs)        000
__Lspace_3                       (abs)        000
__Lstack                         stack        000
__Lstrings                       strings      000
__Ltext                          text         000
__S0                             (abs)        480
__S1                             (abs)        07C
__S3                             (abs)        000
___awdiv                         text3        0E9
___awdiv@counter                 cstackCOMMON 076
___awdiv@dividend                cstackCOMMON 074
___awdiv@divisor                 cstackCOMMON 072
___awdiv@quotient                cstackCOMMON 078
___awdiv@sign                    cstackCOMMON 077
___awmod                         text2        1AD
___awmod@counter                 cstackCOMMON 076
___awmod@dividend                cstackCOMMON 074
___awmod@divisor                 cstackCOMMON 072
___awmod@sign                    cstackCOMMON 077
___int_sp                        stack        000
___latbits                       (abs)        002
___sp                            stack        000
___stackhi                       (abs)        000
___stacklo                       (abs)        000
__end_of_Lcd_Clear               text11       477
__end_of_Lcd_Cmd                 text15       45C
__end_of_Lcd_Init                text14       1AD
__end_of_Lcd_Port                text16       407
__end_of_Lcd_Set_Cursor          text10       252
__end_of_Lcd_Write_Char          text9        3B3
__end_of_Lcd_Write_String        text8        2DE
__end_of___awdiv                 text3        150
__end_of___awmod                 text2        206
__end_of__initialization         cinit        021
__end_of__stringtab              strings      35B
__end_of_configIntExterns        text13       47E
__end_of_configPWMRegs           text12       46A
__end_of_escreveLCD              text7        315
__end_of_handleSetupMenu         text4        427
__end_of_intToASCIIinCustomBase  text1        0E9
__end_of_interrupcao             text17       442
__end_of_main                    maintext     298
__end_of_verificaBtnMais         text6        34B
__end_of_verificaBtnMenos        text5        3E5
__initialization                 cinit        00F
__pbssBANK0                      bssBANK0     043
__pbssCOMMON                     bssCOMMON    07A
__pcstackBANK0                   cstackBANK0  020
__pcstackCOMMON                  cstackCOMMON 070
__pdataBANK0                     dataBANK0    047
__pidataBANK0                    idataBANK0   47E
__pintentry                      intentry     004
__pmaintext                      maintext     252
__pstrings                       strings      34B
__ptext1                         text1        025
__ptext10                        text10       206
__ptext11                        text11       46A
__ptext12                        text12       45C
__ptext13                        text13       477
__ptext14                        text14       150
__ptext15                        text15       442
__ptext16                        text16       3E5
__ptext17                        text17       427
__ptext2                         text2        1AD
__ptext3                         text3        0E9
__ptext4                         text4        407
__ptext5                         text5        3B3
__ptext6                         text6        315
__ptext7                         text7        2DE
__ptext8                         text8        298
__ptext9                         text9        380
__stringbase                     strings      35A
__stringtab                      strings      34B
_btn_mais_aux                    bssCOMMON    07A
_btn_menos_aux                   bssBANK0     045
_configIntExterns                text13       477
_configPWMRegs                   text12       45C
_escreveLCD                      text7        2DE
_handleSetupMenu                 text4        407
_intToASCIIinCustomBase          text1        025
_intToASCIIinCustomBase$178      cstackBANK0  028
_interrupcao                     text17       427
_main                            maintext     252
_menu_ativo                      bssBANK0     043
_porcentagem_PWM                 dataBANK0    047
_verificaBtnMais                 text6        315
_verificaBtnMenos                text5        3B3
btemp                            (abs)        07E
end_of_initialization            cinit        021
escreveLCD@linha1                cstackCOMMON 079
escreveLCD@linha2                cstackBANK0  025
intToASCIIinCustomBase@base      cstackBANK0  023
intToASCIIinCustomBase@i         cstackBANK0  02C
intToASCIIinCustomBase@indice    cstackBANK0  030
intToASCIIinCustomBase@j         cstackBANK0  02E
intToASCIIinCustomBase@numero    cstackBANK0  020
intToASCIIinCustomBase@resto     cstackBANK0  02A
intToASCIIinCustomBase@resultado cstackBANK0  022
intToASCIIinCustomBase@temp      cstackBANK0  027
interrupt_function               intentry     004
intlevel0                        functab      000
intlevel1                        functab      000
intlevel2                        functab      000
intlevel3                        functab      000
intlevel4                        functab      000
intlevel5                        functab      000
main@texto_menu                  cstackBANK0  042
main@texto_porcentagem           cstackBANK0  032
reset_vec                        reset_vec    000
saved_w                          (abs)        07E
start                            init         00C
start_initialization             cinit        00F
wtemp0                           (abs)        07E


MODULE INFORMATION

Module		Function		Class		Link	Load	Size
C:\Program Files\Microchip\xc8\v2.41\pic\sources\c90\common\awdiv.c
		___awdiv       		CODE           	00E9	0000	103

C:\Program Files\Microchip\xc8\v2.41\pic\sources\c90\common\awdiv.c estimated size: 103

./lcd.h
		_Lcd_Write_String		CODE           	0298	0000	70
		_Lcd_Init      		CODE           	0150	0000	93
		_Lcd_Write_Char		CODE           	0380	0000	51
		_Lcd_Cmd       		CODE           	0442	0000	26
		_Lcd_Set_Cursor		CODE           	0206	0000	76
		_Lcd_Clear     		CODE           	046A	0000	13
		_Lcd_Port      		CODE           	03E5	0000	34

./lcd.h estimated size: 363

newmain.c
		_escreveLCD    		CODE           	02DE	0000	55
		_main          		CODE           	0252	0000	70
		_verificaBtnMenos		CODE           	03B3	0000	50
		_interrupcao   		CODE           	0427	0000	27
		_handleSetupMenu		CODE           	0407	0000	32
		_configPWMRegs 		CODE           	045C	0000	14
		_intToASCIIinCustomBase		CODE           	0025	0000	196
		_verificaBtnMais		CODE           	0315	0000	54
		_configIntExterns		CODE           	0477	0000	7

newmain.c estimated size: 505

shared
		__stringtab    		STRING         	034B	0000	16
		__initialization		CODE           	000F	0000	18

shared estimated size: 34

C:\Program Files\Microchip\xc8\v2.41\pic\sources\c90\common\awmod.c
		___awmod       		CODE           	01AD	0000	89

C:\Program Files\Microchip\xc8\v2.41\pic\sources\c90\common\awmod.c estimated size: 89

