Microchip MPLAB XC8 Compiler V2.35

Linker command line:

-W-3 --edf=C:\Program Files\Microchip\xc8\v2.35\pic\dat\en_msgs.txt -cn \
  -h+dist/default/production\ProjetoFinal.X.production.sym \
  --cmf=dist/default/production\ProjetoFinal.X.production.cmf -z -Q16F877A \
  -oC:\Users\manur\AppData\Local\Temp\xcAsco4.4 --defsym=__MPLAB_BUILD=1 \
  -Mdist/default/production/ProjetoFinal.X.production.map \
  --md=C:\Users\manur\AppData\Local\Temp\xcAsco4.dat -E1 -ver=XC8 Compiler \
  --acfsm=1493 -ACODE=00h-07FFhx4 -ASTRCODE=00h-01FFFh -ASTRING=00h-0FFhx32 \
  -ACONST=00h-0FFhx32 -AENTRY=00h-0FFhx32 -ACOMMON=070h-07Fh \
  -ABANK0=020h-06Fh -ABANK1=0A0h-0EFh -ABANK2=0110h-016Fh \
  -ABANK3=0190h-01EFh -ARAM=020h-06Fh,0A0h-0EFh,0110h-016Fh,0190h-01EFh \
  -AABS1=020h-07Fh,0A0h-0EFh,0110h-016Fh,0190h-01EFh -ASFR0=00h-01Fh \
  -ASFR1=080h-09Fh -ASFR2=0100h-010Fh -ASFR3=0180h-018Fh \
  -ACONFIG=02007h-02007h -DCONFIG=2 -AIDLOC=02000h-02003h -DIDLOC=2 \
  -AEEDATA=00h-0FFh/02100h -peeprom_data=EEDATA -DEEDATA=2 -DCODE=2 \
  -DSTRCODE=2 -DSTRING=2 -DCONST=2 -DENTRY=2 \
  -preset_vec=00h,intentry=04h,init,end_init -ppowerup=CODE -pcinit=CODE \
  -pfunctab=ENTRY -k C:\Users\manur\AppData\Local\Temp\xcAsco4.o \
  dist/default/production\ProjetoFinal.X.production.o 

Object code version is 3.11

Machine type is 16F877A



                Name                               Link     Load   Length Selector   Space Scale
C:\Users\manur\AppData\Local\Temp\xcAsco4.o
                end_init                              E        E        3        8       0
                reset_vec                             0        0        3        0       0
                config                             2007     2007        1        0       4
                idloc                              2000     2000        4        0       5
dist/default/production\ProjetoFinal.X.production.o
                cinit                                11       11       38        8       0
                intentry                              4        4        A        8       0
                config                             2007     2007        1        0       4
                idloc                              2000     2000        4        0       5
                text33                             17C1     17C1       1F     2F82       0
                text32                              BC4      BC4       6E     1788       0
                text31                             177F     177F       13     2EFE       0
                text30                             1792     1792       13     2F24       0
                text29                             17E0     17E0       20     2FC0       0
                text28                             17A5     17A5       1C     2F4A       0
                text27                              AF8      AF8       63     15F0       0
                text26                              D67      D67       BC     1ACE       0
                text25                              B5B      B5B       69     16B6       0
                text24                              CAE      CAE       B9     195C       0
                text23                              82D      82D       17     105A       0
                text22                             1745     1745        7     2E8A       0
                text21                             1761     1761        E     2EC2       0
                text20                             176F     176F       10     2EDE       0
                text19                             174C     174C        8     2E98       0
                text18                              E23      E23      1DD     1C46       0
                text17                              892      892       29     1124       0
                text16                               49       49      361        8       0
                text15                              8ED      8ED       39     11DA       0
                text14                              3AA      3AA      288        8       0
                text13                              C32      C32       7C     1864       0
                text12                              A9C      A9C       5C     1538       0
                text11                              7E7      7E7       19        8       0
                text10                             1754     1754        D     2EA8       0
                text9                               9E9      9E9       58     13D2       0
                text8                               926      926       3D     124C       0
                text7                               9A3      9A3       46     1346       0
                text6                               963      963       40     12C6       0
                text5                               A41      A41       5B     1482       0
                text4                               71B      71B       CC        8       0
                text3                               844      844       27     1088       0
                text2                               86B      86B       27     10D6       0
                text1                               8BB      8BB       32     1176       0
                maintext                            632      632       E9        8       0
                cstackBANK0                          20       20       48       20       1
                cstackCOMMON                         70       70        6       70       1
                cstackBANK1                          A0       A0       17       A0       1
                dataBANK1                            B9       B9        2       A0       1
                bssBANK1                             B7       B7        2       A0       1
                dataBANK0                            6A       6A        2       20       1
                bssBANK0                             68       68        2       20       1
                dataCOMMON                           7A       7A        2       70       1
                bssCOMMON                            76       76        4       70       1
                strings                             800      800       2B     1000       0
                idataBANK1                         1741     1741        2     2E82       0
                idataBANK0                         1743     1743        2     2E86       0
                idataCOMMON                         82B      82B        2     1056       0

TOTAL           Name                               Link     Load   Length     Space
        CLASS   CODE           
                end_init                              E        E        3         0
                cinit                                11       11       38         0
                intentry                              4        4        A         0
                reset_vec                             0        0        3         0
                text33                             17C1     17C1       1F         0
                text32                              BC4      BC4       6E         0
                text31                             177F     177F       13         0
                text30                             1792     1792       13         0
                text29                             17E0     17E0       20         0
                text28                             17A5     17A5       1C         0
                text27                              AF8      AF8       63         0
                text26                              D67      D67       BC         0
                text25                              B5B      B5B       69         0
                text24                              CAE      CAE       B9         0
                text23                              82D      82D       17         0
                text22                             1745     1745        7         0
                text21                             1761     1761        E         0
                text20                             176F     176F       10         0
                text19                             174C     174C        8         0
                text18                              E23      E23      1DD         0
                text17                              892      892       29         0
                text16                               49       49      361         0
                text15                              8ED      8ED       39         0
                text14                              3AA      3AA      288         0
                text13                              C32      C32       7C         0
                text12                              A9C      A9C       5C         0
                text11                              7E7      7E7       19         0
                text10                             1754     1754        D         0
                text9                               9E9      9E9       58         0
                text8                               926      926       3D         0
                text7                               9A3      9A3       46         0
                text6                               963      963       40         0
                text5                               A41      A41       5B         0
                text4                               71B      71B       CC         0
                text3                               844      844       27         0
                text2                               86B      86B       27         0
                text1                               8BB      8BB       32         0
                maintext                            632      632       E9         0
                idataBANK1                         1741     1741        2         0
                idataBANK0                         1743     1743        2         0
                idataCOMMON                         82B      82B        2         0

        CLASS   STRCODE        

        CLASS   STRING         
                strings                             800      800       2B         0

        CLASS   CONST          

        CLASS   ENTRY          

        CLASS   COMMON         
                cstackCOMMON                         70       70        6         1
                dataCOMMON                           7A       7A        2         1
                bssCOMMON                            76       76        4         1

        CLASS   BANK0          
                cstackBANK0                          20       20       48         1
                dataBANK0                            6A       6A        2         1
                bssBANK0                             68       68        2         1

        CLASS   BANK1          
                cstackBANK1                          A0       A0       17         1
                dataBANK1                            B9       B9        2         1
                bssBANK1                             B7       B7        2         1

        CLASS   BANK2          

        CLASS   BANK3          

        CLASS   RAM            

        CLASS   ABS1           
                abs_s1                               7E       7E        2         1

        CLASS   SFR0           

        CLASS   SFR1           

        CLASS   SFR2           

        CLASS   SFR3           

        CLASS   CONFIG         
                config                             2007     2007        1         4

        CLASS   IDLOC          
                idloc                              2000     2000        4         5

        CLASS   EEDATA         

        CLASS   STACK          



SEGMENTS        Name                           Load    Length   Top    Selector   Space  Class     Delta

                reset_vec                      000000  000003  000003         0       0  CODE        2
                intentry                       000004  0007FC  000800         8       0  CODE        2
                cstackBANK0                    000020  00004C  00006C        20       1  BANK0       1
                cstackCOMMON                   000070  00000C  00007C        70       1  COMMON      1
                cstackBANK1                    0000A0  00001B  0000BB        A0       1  BANK1       1
                strings                        000800  00002B  00082B      1000       0  STRING      2
                idataCOMMON                    00082B  000002  00082D      1056       0  CODE        2
                text23                         00082D  000017  000844      105A       0  CODE        2
                text3                          000844  000027  00086B      1088       0  CODE        2
                text2                          00086B  000027  000892      10D6       0  CODE        2
                text17                         000892  000029  0008BB      1124       0  CODE        2
                text1                          0008BB  000032  0008ED      1176       0  CODE        2
                text15                         0008ED  000039  000926      11DA       0  CODE        2
                text8                          000926  00003D  000963      124C       0  CODE        2
                text6                          000963  000040  0009A3      12C6       0  CODE        2
                text7                          0009A3  000046  0009E9      1346       0  CODE        2
                text9                          0009E9  000058  000A41      13D2       0  CODE        2
                text5                          000A41  00005B  000A9C      1482       0  CODE        2
                text12                         000A9C  00005C  000AF8      1538       0  CODE        2
                text27                         000AF8  000063  000B5B      15F0       0  CODE        2
                text25                         000B5B  000069  000BC4      16B6       0  CODE        2
                text32                         000BC4  00006E  000C32      1788       0  CODE        2
                text13                         000C32  00007C  000CAE      1864       0  CODE        2
                text24                         000CAE  0000B9  000D67      195C       0  CODE        2
                text26                         000D67  0000BC  000E23      1ACE       0  CODE        2
                text18                         000E23  0001DD  001000      1C46       0  CODE        2
                idataBANK1                     001741  000002  001743      2E82       0  CODE        2
                idataBANK0                     001743  000002  001745      2E86       0  CODE        2
                text22                         001745  000007  00174C      2E8A       0  CODE        2
                text19                         00174C  000008  001754      2E98       0  CODE        2
                text10                         001754  00000D  001761      2EA8       0  CODE        2
                text21                         001761  00000E  00176F      2EC2       0  CODE        2
                text20                         00176F  000010  00177F      2EDE       0  CODE        2
                text31                         00177F  000013  001792      2EFE       0  CODE        2
                text30                         001792  000013  0017A5      2F24       0  CODE        2
                text28                         0017A5  00001C  0017C1      2F4A       0  CODE        2
                text33                         0017C1  00001F  0017E0      2F82       0  CODE        2
                text29                         0017E0  000020  001800      2FC0       0  CODE        2


UNUSED ADDRESS RANGES

        Name                Unused          Largest block    Delta
        BANK0            006C-006F              4           1
        BANK1            00BB-00EF             35           1
        BANK2            0110-016F             60           1
        BANK3            0190-01EF             60           1
        CODE             0003-0003              1           2
                         1000-1740            741
                         1800-1FFF            800
        COMMON           007C-007D              2           1
        CONST            0003-0003              1           2
                         1000-1740            100
                         1800-1FFF            100
        EEDATA           2100-21FF            100           2
        ENTRY            0003-0003              1           2
                         1000-1740            100
                         1800-1FFF            100
        RAM              006C-006F              4           1
                         00BB-00EF             35
                         0110-016F             60
                         0190-01EF             60
        SFR0             0000-001F             20           1
        SFR1             0080-009F             20           1
        SFR2             0100-010F             10           1
        SFR3             0180-018F             10           1
        STRCODE          0003-0003              1           2
                         1000-1740            741
                         1800-1FFF            800
        STRING           0003-0003              1           2
                         1000-1740            100
                         1800-1FFF            100

                                  Symbol Table

?__Umul8_16                                 cstackBANK0  0020
?___awdiv                                   cstackBANK0  0020
?___awmod                                   cstackBANK0  0020
?___fladd                                   cstackBANK0  0043
?___fldiv                                   cstackBANK0  0043
?___flmul                                   cstackBANK0  0029
?___fltol                                   cstackBANK0  0020
?___xxtofl                                  cstackBANK0  0020
?_converteLeituraAnParaVolts                cstackBANK0  005D
?_converteVoltsParaLux                      cstackBANK0  0057
?_getValorADC                               cstackBANK0  0020
Lcd_Cmd@a                                   cstackBANK0  0023
Lcd_Port@a                                  cstackBANK0  0020
Lcd_Set_Cursor@a                            cstackBANK0  0027
Lcd_Set_Cursor@b                            cstackBANK0  0024
Lcd_Set_Cursor@temp                         cstackBANK0  002A
Lcd_Set_Cursor@y                            cstackBANK0  0029
Lcd_Set_Cursor@z                            cstackBANK0  0028
Lcd_Write_Char@a                            cstackBANK0  0024
Lcd_Write_Char@temp                         cstackBANK0  0022
Lcd_Write_Char@y                            cstackBANK0  0023
Lcd_Write_String@a                          cstackBANK0  0025
Lcd_Write_String@i                          cstackBANK0  002A
_ADCON0bits                                 (abs)        001F
_ADCON1bits                                 (abs)        009F
_ADRESH                                     (abs)        001E
_ADRESL                                     (abs)        009E
_CCP1CON                                    (abs)        0017
_CCPR1L                                     (abs)        0015
_INTCONbits                                 (abs)        000B
_INTF                                       (abs)        0059
_Lcd_Clear                                  text10       1754
_Lcd_Cmd                                    text28       17A5
_Lcd_Init                                   text27       0AF8
_Lcd_Port                                   text29       17E0
_Lcd_Set_Cursor                             text9        09E9
_Lcd_Write_Char                             text8        0926
_Lcd_Write_String                           text7        09A3
_OPTION_REGbits                             (abs)        0081
_PIE1bits                                   (abs)        008C
_PIR1bits                                   (abs)        000C
_PORTBbits                                  (abs)        0006
_PORTCbits                                  (abs)        0007
_PORTDbits                                  (abs)        0008
_PR2                                        (abs)        0092
_T1CONbits                                  (abs)        0010
_TMR1H                                      (abs)        000F
_TMR1IF                                     (abs)        0060
_TMR1L                                      (abs)        000E
_TMR2ON                                     (abs)        0092
_TRISB                                      (abs)        0086
_TRISC                                      (abs)        0087
_TRISD                                      (abs)        0088
__Habs1                                     abs1         0000
__Hbank0                                    bank0        0000
__Hbank1                                    bank1        0000
__Hbank2                                    bank2        0000
__Hbank3                                    bank3        0000
__HbssBANK0                                 bssBANK0     0000
__HbssBANK1                                 bssBANK1     0000
__HbssCOMMON                                bssCOMMON    0000
__Hcinit                                    cinit        0049
__Hclrtext                                  clrtext      0000
__Hcode                                     code         0000
__Hcommon                                   common       0000
__Hconfig                                   config       2008
__HcstackBANK0                              cstackBANK0  0000
__HcstackBANK1                              cstackBANK1  0000
__HcstackCOMMON                             cstackCOMMON 0000
__HdataBANK0                                dataBANK0    0000
__HdataBANK1                                dataBANK1    0000
__HdataCOMMON                               dataCOMMON   0000
__Heeprom_data                              eeprom_data  0000
__Hend_init                                 end_init     0011
__Hfunctab                                  functab      0000
__HidataBANK0                               idataBANK0   0000
__HidataBANK1                               idataBANK1   0000
__HidataCOMMON                              idataCOMMON  0000
__Hidloc                                    idloc        2004
__Hinit                                     init         000E
__Hintentry                                 intentry     000E
__Hmaintext                                 maintext     0000
__Hpowerup                                  powerup      0000
__Hram                                      ram          0000
__Hreset_vec                                reset_vec    0003
__Hsfr0                                     sfr0         0000
__Hsfr1                                     sfr1         0000
__Hsfr2                                     sfr2         0000
__Hsfr3                                     sfr3         0000
__Hspace_0                                  (abs)        1800
__Hspace_1                                  (abs)        00BB
__Hspace_2                                  (abs)        0000
__Hspace_3                                  (abs)        0000
__Hspace_4                                  (abs)        400F
__Hstack                                    stack        0000
__Hstrings                                  strings      0000
__Htext                                     text         0000
__Labs1                                     abs1         0000
__Lbank0                                    bank0        0000
__Lbank1                                    bank1        0000
__Lbank2                                    bank2        0000
__Lbank3                                    bank3        0000
__LbssBANK0                                 bssBANK0     0000
__LbssBANK1                                 bssBANK1     0000
__LbssCOMMON                                bssCOMMON    0000
__Lcinit                                    cinit        0011
__Lclrtext                                  clrtext      0000
__Lcode                                     code         0000
__Lcommon                                   common       0000
__Lconfig                                   config       0000
__LcstackBANK0                              cstackBANK0  0000
__LcstackBANK1                              cstackBANK1  0000
__LcstackCOMMON                             cstackCOMMON 0000
__LdataBANK0                                dataBANK0    0000
__LdataBANK1                                dataBANK1    0000
__LdataCOMMON                               dataCOMMON   0000
__Leeprom_data                              eeprom_data  0000
__Lend_init                                 end_init     000E
__Lfunctab                                  functab      0000
__LidataBANK0                               idataBANK0   0000
__LidataBANK1                               idataBANK1   0000
__LidataCOMMON                              idataCOMMON  0000
__Lidloc                                    idloc        0000
__Linit                                     init         000E
__Lintentry                                 intentry     0004
__Lmaintext                                 maintext     0000
__Lpowerup                                  powerup      0000
__Lram                                      ram          0000
__Lreset_vec                                reset_vec    0000
__Lsfr0                                     sfr0         0000
__Lsfr1                                     sfr1         0000
__Lsfr2                                     sfr2         0000
__Lsfr3                                     sfr3         0000
__Lspace_0                                  (abs)        0000
__Lspace_1                                  (abs)        0000
__Lspace_2                                  (abs)        0000
__Lspace_3                                  (abs)        0000
__Lspace_4                                  (abs)        0000
__Lstack                                    stack        0000
__Lstrings                                  strings      0000
__Ltext                                     text         0000
__S0                                        (abs)        1800
__S1                                        (abs)        00BB
__S3                                        (abs)        0000
__Umul8_16                                  text17       0892
__Umul8_16@multiplicand                     cstackBANK0  0020
__Umul8_16@multiplier                       cstackBANK0  0028
__Umul8_16@product                          cstackBANK0  0024
__Umul8_16@word_mpld                        cstackBANK0  0026
___awdiv                                    text25       0B5B
___awdiv@counter                            cstackBANK0  0025
___awdiv@dividend                           cstackBANK0  0022
___awdiv@divisor                            cstackBANK0  0020
___awdiv@quotient                           cstackBANK0  0027
___awdiv@sign                               cstackBANK0  0026
___awmod                                    text5        0A41
___awmod@counter                            cstackBANK0  0025
___awmod@dividend                           cstackBANK0  0022
___awmod@divisor                            cstackBANK0  0020
___awmod@sign                               cstackBANK0  0026
___fladd                                    text14       03AA
___fladd@a                                  cstackBANK0  0047
___fladd@aexp                               cstackBANK0  0054
___fladd@b                                  cstackBANK0  0043
___fladd@bexp                               cstackBANK0  0055
___fladd@grs                                cstackBANK0  0056
___fladd@signs                              cstackBANK0  0053
___fldiv                                    text18       0E23
___fldiv@a                                  cstackBANK0  0043
___fldiv@aexp                               cstackBANK0  005C
___fldiv@b                                  cstackBANK0  0047
___fldiv@bexp                               cstackBANK0  005B
___fldiv@grs                                cstackBANK0  0057
___fldiv@new_exp                            cstackBANK0  0055
___fldiv@rem                                cstackBANK0  0050
___fldiv@sign                               cstackBANK0  0054
___flmul                                    text16       0049
___flmul@a                                  cstackBANK0  002D
___flmul@aexp                               cstackBANK0  0037
___flmul@b                                  cstackBANK0  0029
___flmul@bexp                               cstackBANK0  003C
___flmul@grs                                cstackBANK0  0038
___flmul@prod                               cstackBANK0  003D
___flmul@sign                               cstackBANK0  0036
___flmul@temp                               cstackBANK0  0041
___fltol                                    text13       0C32
___fltol@exp1                               cstackBANK0  002A
___fltol@f1                                 cstackBANK0  0020
___fltol@sign1                              cstackBANK0  0029
___int_sp                                   stack        0000
___latbits                                  (abs)        0002
___sp                                       stack        0000
___stackhi                                  (abs)        0000
___stacklo                                  (abs)        0000
___xxtofl                                   text26       0D67
___xxtofl@arg                               cstackBANK0  002A
___xxtofl@exp                               cstackBANK0  0029
___xxtofl@sign                              cstackBANK0  0028
___xxtofl@val                               cstackBANK0  0020
__end_of_Lcd_Clear                          text10       1761
__end_of_Lcd_Cmd                            text28       17C1
__end_of_Lcd_Init                           text27       0B5B
__end_of_Lcd_Port                           text29       1800
__end_of_Lcd_Set_Cursor                     text9        0A41
__end_of_Lcd_Write_Char                     text8        0963
__end_of_Lcd_Write_String                   text7        09E9
__end_of__Umul8_16                          text17       08BB
__end_of___awdiv                            text25       0BC4
__end_of___awmod                            text5        0A9C
__end_of___fladd                            text14       0632
__end_of___fldiv                            text18       1000
__end_of___flmul                            text16       03AA
__end_of___fltol                            text13       0CAE
__end_of___xxtofl                           text26       0E23
__end_of__initialization                    cinit        0045
__end_of__stringtab                         strings      0810
__end_of_ajustaPWM                          text32       0C32
__end_of_atualizarLeds                      text24       0D67
__end_of_configADC                          text23       0844
__end_of_configIntExterns                   text22       174C
__end_of_configPWMRegs                      text21       176F
__end_of_configTimer                        text20       177F
__end_of_configWatchdogTimer                text19       1754
__end_of_converteLeituraAnParaVolts         text15       0926
__end_of_converteVoltsParaLux               text12       0AF8
__end_of_escreveLCD                         text6        09A3
__end_of_getValorADC                        text11       0800
__end_of_handleSetupMenu                    text1        08ED
__end_of_intToASCIIinCustomBase             text4        07E7
__end_of_interrupcao                        text30       17A5
__end_of_main                               maintext     071B
__end_of_verificaBtnMais                    text3        086B
__end_of_verificaBtnMenos                   text2        0892
__end_of_verificaInterrupcaoExterna         text33       17E0
__end_of_verificaInterrupcaoTimer           text31       1792
__initialization                            cinit        0011
__pbssBANK0                                 bssBANK0     0068
__pbssBANK1                                 bssBANK1     00B7
__pbssCOMMON                                bssCOMMON    0076
__pcstackBANK0                              cstackBANK0  0020
__pcstackBANK1                              cstackBANK1  00A0
__pcstackCOMMON                             cstackCOMMON 0070
__pdataBANK0                                dataBANK0    006A
__pdataBANK1                                dataBANK1    00B9
__pdataCOMMON                               dataCOMMON   007A
__pidataBANK0                               idataBANK0   1743
__pidataBANK1                               idataBANK1   1741
__pidataCOMMON                              idataCOMMON  082B
__pintentry                                 intentry     0004
__pmaintext                                 maintext     0632
__pstrings                                  strings      0800
__ptext1                                    text1        08BB
__ptext10                                   text10       1754
__ptext11                                   text11       07E7
__ptext12                                   text12       0A9C
__ptext13                                   text13       0C32
__ptext14                                   text14       03AA
__ptext15                                   text15       08ED
__ptext16                                   text16       0049
__ptext17                                   text17       0892
__ptext18                                   text18       0E23
__ptext19                                   text19       174C
__ptext2                                    text2        086B
__ptext20                                   text20       176F
__ptext21                                   text21       1761
__ptext22                                   text22       1745
__ptext23                                   text23       082D
__ptext24                                   text24       0CAE
__ptext25                                   text25       0B5B
__ptext26                                   text26       0D67
__ptext27                                   text27       0AF8
__ptext28                                   text28       17A5
__ptext29                                   text29       17E0
__ptext3                                    text3        0844
__ptext30                                   text30       1792
__ptext31                                   text31       177F
__ptext32                                   text32       0BC4
__ptext33                                   text33       17C1
__ptext4                                    text4        071B
__ptext5                                    text5        0A41
__ptext6                                    text6        0963
__ptext7                                    text7        09A3
__ptext8                                    text8        0926
__ptext9                                    text9        09E9
__stringbase                                strings      080F
__stringtab                                 strings      0800
_ajustaPWM                                  text32       0BC4
_atualizarLeds                              text24       0CAE
_btn_mais_aux                               bssCOMMON    0078
_btn_menos_aux                              bssCOMMON    0076
_configADC                                  text23       082D
_configIntExterns                           text22       1745
_configPWMRegs                              text21       1761
_configTimer                                text20       176F
_configWatchdogTimer                        text19       174C
_converteLeituraAnParaVolts                 text15       08ED
_converteVoltsParaLux                       text12       0A9C
_escreveLCD                                 text6        0963
_getValorADC                                text11       07E7
_handleSetupMenu                            text1        08BB
_intToASCIIinCustomBase                     text4        071B
_intToASCIIinCustomBase$388                 cstackBANK0  0032
_interrupcao                                text30       1792
_luminosidade_atual                         bssBANK1     00B7
_luminosidade_desejada                      dataBANK0    006A
_main                                       maintext     0632
_margem_erro_lux                            dataCOMMON   007A
_porcentagem_PWM                            dataBANK1    00B9
_verificaBtnMais                            text3        0844
_verificaBtnMenos                           text2        086B
_verificaInterrupcaoExterna                 text33       17C1
_verificaInterrupcaoTimer                   text31       177F
atualizarLeds@numLEDsAcesos                 cstackBANK0  002D
atualizarLeds@porcentagem                   cstackBANK0  0029
btemp                                       (abs)        007E
converteLeituraAnParaVolts@leitura          cstackBANK0  005D
converteVoltsParaLux@a                      cstackBANK0  005B
converteVoltsParaLux@b                      cstackBANK0  005F
converteVoltsParaLux@lux                    cstackBANK0  0063
converteVoltsParaLux@v_ldr                  cstackBANK0  0057
end_of_initialization                       cinit        0045
escreveLCD@linha1                           cstackBANK0  002F
escreveLCD@linha2                           cstackBANK0  002C
getValorADC@valor                           cstackBANK0  0024
handleSetupMenu@texto_luminosidade_desejada cstackBANK0  003D
intToASCIIinCustomBase@base                 cstackBANK0  002C
intToASCIIinCustomBase@i                    cstackBANK0  0036
intToASCIIinCustomBase@indice               cstackBANK0  003A
intToASCIIinCustomBase@j                    cstackBANK0  0038
intToASCIIinCustomBase@numero               cstackBANK0  0029
intToASCIIinCustomBase@resto                cstackBANK0  0034
intToASCIIinCustomBase@resultado            cstackBANK0  002B
intToASCIIinCustomBase@temp                 cstackBANK0  0031
interrupt_function                          intentry     0004
intlevel0                                   functab      0000
intlevel1                                   functab      0000
intlevel2                                   functab      0000
intlevel3                                   functab      0000
intlevel4                                   functab      0000
intlevel5                                   functab      0000
main@leitura                                cstackBANK1  00B4
main@texto_luminosidade                     cstackBANK1  00A0
main@texto_menu                             cstackBANK1  00B6
main@v_ldr                                  cstackBANK1  00B0
reset_vec                                   reset_vec    0000
saved_w                                     (abs)        007E
start                                       init         000E
start_initialization                        cinit        0011
wtemp0                                      (abs)        007E


MODULE INFORMATION

Module		Function		Class		Link	Load	Size
C:\Program Files\Microchip\xc8\v2.35\pic\sources\c90\common\awmod.c
		___awmod       		CODE           	0A41	0000	91

C:\Program Files\Microchip\xc8\v2.35\pic\sources\c90\common\awmod.c estimated size: 91

C:\Program Files\Microchip\xc8\v2.35\pic\sources\c90\common\xxtofl.c
		___xxtofl      		CODE           	0D67	0000	188

C:\Program Files\Microchip\xc8\v2.35\pic\sources\c90\common\xxtofl.c estimated size: 188

C:\Program Files\Microchip\xc8\v2.35\pic\sources\c90\common\fltol.c
		___fltol       		CODE           	0C32	0000	124

C:\Program Files\Microchip\xc8\v2.35\pic\sources\c90\common\fltol.c estimated size: 124

./lcd.h
		_Lcd_Write_String		CODE           	09A3	0000	70
		_Lcd_Init      		CODE           	0AF8	0000	99
		_Lcd_Write_Char		CODE           	0926	0000	61
		_Lcd_Cmd       		CODE           	17A5	0000	28
		_Lcd_Set_Cursor		CODE           	09E9	0000	88
		_Lcd_Clear     		CODE           	1754	0000	13
		_Lcd_Port      		CODE           	17E0	0000	32

./lcd.h estimated size: 391

newmain.c
		_escreveLCD    		CODE           	0963	0000	64
		_converteLeituraAnParaVolts		CODE           	08ED	0000	57
		_configADC     		CODE           	082D	0000	23
		_main          		CODE           	0632	0000	233
		_verificaInterrupcaoExterna		CODE           	17C1	0000	31
		_configTimer   		CODE           	176F	0000	16
		_verificaBtnMenos		CODE           	086B	0000	39
		_interrupcao   		CODE           	1792	0000	19
		_handleSetupMenu		CODE           	08BB	0000	50
		_verificaInterrupcaoTimer		CODE           	177F	0000	19
		_ajustaPWM     		CODE           	0BC4	0000	110
		_configWatchdogTimer		CODE           	174C	0000	8
		_configPWMRegs 		CODE           	1761	0000	14
		_atualizarLeds 		CODE           	0CAE	0000	185
		_intToASCIIinCustomBase		CODE           	071B	0000	204
		_verificaBtnMais		CODE           	0844	0000	39
		_configIntExterns		CODE           	1745	0000	7
		_converteVoltsParaLux		CODE           	0A9C	0000	92
		_getValorADC   		CODE           	07E7	0000	25

newmain.c estimated size: 1235

C:\Program Files\Microchip\xc8\v2.35\pic\sources\c90\common\awdiv.c
		___awdiv       		CODE           	0B5B	0000	105

C:\Program Files\Microchip\xc8\v2.35\pic\sources\c90\common\awdiv.c estimated size: 105

C:\Program Files\Microchip\xc8\v2.35\pic\sources\c90\common\sprcmul.c
		___flmul       		CODE           	0049	0000	865

C:\Program Files\Microchip\xc8\v2.35\pic\sources\c90\common\sprcmul.c estimated size: 865

C:\Program Files\Microchip\xc8\v2.35\pic\sources\c90\common\sprcdiv.c
		___fldiv       		CODE           	0E23	0000	477

C:\Program Files\Microchip\xc8\v2.35\pic\sources\c90\common\sprcdiv.c estimated size: 477

shared
		__stringtab    		STRING         	0800	0000	16
		__initialization		CODE           	0011	0000	52

shared estimated size: 68

C:\Program Files\Microchip\xc8\v2.35\pic\sources\c90\common\Umul8_16.c
		__Umul8_16     		CODE           	0892	0000	41

C:\Program Files\Microchip\xc8\v2.35\pic\sources\c90\common\Umul8_16.c estimated size: 41

C:\Program Files\Microchip\xc8\v2.35\pic\sources\c90\common\sprcadd.c
		___fladd       		CODE           	03AA	0000	648

C:\Program Files\Microchip\xc8\v2.35\pic\sources\c90\common\sprcadd.c estimated size: 648

